Archive member included to satisfy reference by file (symbol)

c:/nxp/s32ds.3.5/s32ds/build_tools/gcc_v10.2/gcc-10.2-arm32-eabi/bin/../lib/gcc/arm-none-eabi/10.2.0/thumb/v6-m/nofp\libgcc.a(_udivsi3.o)
                              ./Project_Settings/Startup_Code/system_S32K116.o (__aeabi_uidiv)
c:/nxp/s32ds.3.5/s32ds/build_tools/gcc_v10.2/gcc-10.2-arm32-eabi/bin/../lib/gcc/arm-none-eabi/10.2.0/thumb/v6-m/nofp\libgcc.a(_divsi3.o)
                              ./src/srcMbedSW/knock/knock.o (__aeabi_idiv)
c:/nxp/s32ds.3.5/s32ds/build_tools/gcc_v10.2/gcc-10.2-arm32-eabi/bin/../lib/gcc/arm-none-eabi/10.2.0/thumb/v6-m/nofp\libgcc.a(_dvmd_tls.o)
                              c:/nxp/s32ds.3.5/s32ds/build_tools/gcc_v10.2/gcc-10.2-arm32-eabi/bin/../lib/gcc/arm-none-eabi/10.2.0/thumb/v6-m/nofp\libgcc.a(_udivsi3.o) (__aeabi_idiv0)
c:/nxp/s32ds.3.5/s32ds/build_tools/gcc_v10.2/gcc-10.2-arm32-eabi/bin/../lib/gcc/arm-none-eabi/10.2.0/thumb/v6-m/nofp\libgcc.a(_aeabi_ldivmod.o)
                              ./src/srcMbedSW/rgb/rgb.o (__aeabi_ldivmod)
c:/nxp/s32ds.3.5/s32ds/build_tools/gcc_v10.2/gcc-10.2-arm32-eabi/bin/../lib/gcc/arm-none-eabi/10.2.0/thumb/v6-m/nofp\libgcc.a(_fixunsdfsi.o)
                              ./src/srcMbedSW/knock/knock.o (__aeabi_d2uiz)
c:/nxp/s32ds.3.5/s32ds/build_tools/gcc_v10.2/gcc-10.2-arm32-eabi/bin/../lib/gcc/arm-none-eabi/10.2.0/thumb/v6-m/nofp\libgcc.a(bpabi.o)
                              c:/nxp/s32ds.3.5/s32ds/build_tools/gcc_v10.2/gcc-10.2-arm32-eabi/bin/../lib/gcc/arm-none-eabi/10.2.0/thumb/v6-m/nofp\libgcc.a(_aeabi_ldivmod.o) (__gnu_ldivmod_helper)
c:/nxp/s32ds.3.5/s32ds/build_tools/gcc_v10.2/gcc-10.2-arm32-eabi/bin/../lib/gcc/arm-none-eabi/10.2.0/thumb/v6-m/nofp\libgcc.a(divdf3.o)
                              ./src/srcMbedSW/knock/knock.o (__aeabi_ddiv)
c:/nxp/s32ds.3.5/s32ds/build_tools/gcc_v10.2/gcc-10.2-arm32-eabi/bin/../lib/gcc/arm-none-eabi/10.2.0/thumb/v6-m/nofp\libgcc.a(muldf3.o)
                              ./src/srcMbedSW/knock/knock.o (__aeabi_dmul)
c:/nxp/s32ds.3.5/s32ds/build_tools/gcc_v10.2/gcc-10.2-arm32-eabi/bin/../lib/gcc/arm-none-eabi/10.2.0/thumb/v6-m/nofp\libgcc.a(subdf3.o)
                              c:/nxp/s32ds.3.5/s32ds/build_tools/gcc_v10.2/gcc-10.2-arm32-eabi/bin/../lib/gcc/arm-none-eabi/10.2.0/thumb/v6-m/nofp\libgcc.a(_fixunsdfsi.o) (__aeabi_dsub)
c:/nxp/s32ds.3.5/s32ds/build_tools/gcc_v10.2/gcc-10.2-arm32-eabi/bin/../lib/gcc/arm-none-eabi/10.2.0/thumb/v6-m/nofp\libgcc.a(fixdfsi.o)
                              c:/nxp/s32ds.3.5/s32ds/build_tools/gcc_v10.2/gcc-10.2-arm32-eabi/bin/../lib/gcc/arm-none-eabi/10.2.0/thumb/v6-m/nofp\libgcc.a(_fixunsdfsi.o) (__aeabi_d2iz)
c:/nxp/s32ds.3.5/s32ds/build_tools/gcc_v10.2/gcc-10.2-arm32-eabi/bin/../lib/gcc/arm-none-eabi/10.2.0/thumb/v6-m/nofp\libgcc.a(floatsidf.o)
                              ./src/srcMbedSW/knock/knock.o (__aeabi_i2d)
c:/nxp/s32ds.3.5/s32ds/build_tools/gcc_v10.2/gcc-10.2-arm32-eabi/bin/../lib/gcc/arm-none-eabi/10.2.0/thumb/v6-m/nofp\libgcc.a(extendsfdf2.o)
                              ./src/srcMbedSW/knock/knock.o (__aeabi_f2d)
c:/nxp/s32ds.3.5/s32ds/build_tools/gcc_v10.2/gcc-10.2-arm32-eabi/bin/../lib/gcc/arm-none-eabi/10.2.0/thumb/v6-m/nofp\libgcc.a(_arm_cmpdf2.o)
                              c:/nxp/s32ds.3.5/s32ds/build_tools/gcc_v10.2/gcc-10.2-arm32-eabi/bin/../lib/gcc/arm-none-eabi/10.2.0/thumb/v6-m/nofp\libgcc.a(_fixunsdfsi.o) (__aeabi_dcmpge)
c:/nxp/s32ds.3.5/s32ds/build_tools/gcc_v10.2/gcc-10.2-arm32-eabi/bin/../lib/gcc/arm-none-eabi/10.2.0/thumb/v6-m/nofp\libgcc.a(_clzsi2.o)
                              c:/nxp/s32ds.3.5/s32ds/build_tools/gcc_v10.2/gcc-10.2-arm32-eabi/bin/../lib/gcc/arm-none-eabi/10.2.0/thumb/v6-m/nofp\libgcc.a(divdf3.o) (__clzsi2)
c:/nxp/s32ds.3.5/s32ds/build_tools/gcc_v10.2/gcc-10.2-arm32-eabi/bin/../lib/gcc/arm-none-eabi/10.2.0/thumb/v6-m/nofp\libgcc.a(_muldi3.o)
                              c:/nxp/s32ds.3.5/s32ds/build_tools/gcc_v10.2/gcc-10.2-arm32-eabi/bin/../lib/gcc/arm-none-eabi/10.2.0/thumb/v6-m/nofp\libgcc.a(bpabi.o) (__aeabi_lmul)
c:/nxp/s32ds.3.5/s32ds/build_tools/gcc_v10.2/gcc-10.2-arm32-eabi/bin/../lib/gcc/arm-none-eabi/10.2.0/thumb/v6-m/nofp\libgcc.a(_divdi3.o)
                              c:/nxp/s32ds.3.5/s32ds/build_tools/gcc_v10.2/gcc-10.2-arm32-eabi/bin/../lib/gcc/arm-none-eabi/10.2.0/thumb/v6-m/nofp\libgcc.a(bpabi.o) (__divdi3)
c:/nxp/s32ds.3.5/s32ds/build_tools/gcc_v10.2/gcc-10.2-arm32-eabi/bin/../lib/gcc/arm-none-eabi/10.2.0/thumb/v6-m/nofp\libgcc.a(eqdf2.o)
                              c:/nxp/s32ds.3.5/s32ds/build_tools/gcc_v10.2/gcc-10.2-arm32-eabi/bin/../lib/gcc/arm-none-eabi/10.2.0/thumb/v6-m/nofp\libgcc.a(_arm_cmpdf2.o) (__eqdf2)
c:/nxp/s32ds.3.5/s32ds/build_tools/gcc_v10.2/gcc-10.2-arm32-eabi/bin/../lib/gcc/arm-none-eabi/10.2.0/thumb/v6-m/nofp\libgcc.a(gedf2.o)
                              c:/nxp/s32ds.3.5/s32ds/build_tools/gcc_v10.2/gcc-10.2-arm32-eabi/bin/../lib/gcc/arm-none-eabi/10.2.0/thumb/v6-m/nofp\libgcc.a(_arm_cmpdf2.o) (__gedf2)
[...]
Memory Configuration

Name             Origin             Length             Attributes
m_interrupts     0x00000000         0x000000c0         xr
m_flash_config   0x00000400         0x00000010         xr
m_text           0x00000410         0x0001fbf0         xr
m_custom         0x1ffffc00         0x00000400         rw
m_data           0x20000000         0x000020c0         rw
m_data_2         0x200020c0         0x00001740         rw
*default*        0x00000000         0xffffffff

Linker script and memory map

LOAD c:/nxp/s32ds.3.5/s32ds/build_tools/gcc_v10.2/gcc-10.2-arm32-eabi/bin/../lib/gcc/arm-none-eabi/10.2.0/thumb/v6-m/nofp/crti.o
LOAD c:/nxp/s32ds.3.5/s32ds/build_tools/gcc_v10.2/gcc-10.2-arm32-eabi/bin/../lib/gcc/arm-none-eabi/10.2.0/thumb/v6-m/nofp/crtbegin.o
LOAD c:/nxp/s32ds.3.5/s32ds/build_tools/gcc_v10.2/gcc-10.2-arm32-eabi/bin/../lib/gcc/arm-none-eabi/10.2.0/../../../../arm-none-eabi/lib/thumb/v6-m/nofp/crt0.o
LOAD ./Project_Settings/Startup_Code/startup.o
LOAD ./Project_Settings/Startup_Code/startup_S32K116.o
LOAD ./Project_Settings/Startup_Code/system_S32K116.o
LOAD ./src/main.o
LOAD ./src/srcMbedSW/analog/analog.o
LOAD ./src/srcMbedSW/array/array.o
LOAD ./src/srcMbedSW/binarySearch/bs.o
LOAD ./src/srcMbedSW/blcd/blcdHall.o
LOAD ./src/srcMbedSW/blcd/blcdPhases.o
LOAD ./src/srcMbedSW/circularBuffer/cBuff.o
LOAD ./src/srcMbedSW/fir/fir.o
LOAD ./src/srcMbedSW/fonts/fonts.o
LOAD ./src/srcMbedSW/gpio/gpio.o
LOAD ./src/srcMbedSW/knock/knock.o
LOAD ./src/srcMbedSW/lm75/lm75.o
LOAD ./src/srcMbedSW/math/math.o
LOAD ./src/srcMbedSW/max31855/max31855.o
LOAD ./src/srcMbedSW/mc34gd3000/mc34gd3000.o
LOAD ./src/srcMbedSW/mux507/mux507.o
LOAD ./src/srcMbedSW/rgb/rgb.o
LOAD ./src/srcMbedSW/rpm/rpm.o
LOAD ./src/srcMbedSW/ssd1309oled/ssd1309.o
LOAD ./src/srcMbedSW/std/std.o
LOAD ./src/srcMbedSW/str/string.o
LOAD ./src/srcMbedSW/templateMbed.o
LOAD ./src/srcMbedSW/thermocouple/thermocouple.o
LOAD ./src/srcMbedSW/time/time.o
LOAD ./src/srcMbedSW/tpic8101/tpic8101.o
LOAD ./src/srcS32K1XX/fw_adc.o
LOAD ./src/srcS32K1XX/fw_clock.o
LOAD ./src/srcS32K1XX/fw_crc.o
LOAD ./src/srcS32K1XX/fw_dma.o
LOAD ./src/srcS32K1XX/fw_flexcan.o
LOAD ./src/srcS32K1XX/fw_flexram.o
LOAD ./src/srcS32K1XX/fw_ftfc.o
LOAD ./src/srcS32K1XX/fw_ftm.o
LOAD ./src/srcS32K1XX/fw_gpio.o
LOAD ./src/srcS32K1XX/fw_i2c.o
LOAD ./src/srcS32K1XX/fw_lpit.o
LOAD ./src/srcS32K1XX/fw_lpuart.o
LOAD ./src/srcS32K1XX/fw_nvic.o
LOAD ./src/srcS32K1XX/fw_pdb.o
LOAD ./src/srcS32K1XX/fw_rcm.o
LOAD ./src/srcS32K1XX/fw_spi.o
LOAD ./src/srcS32K1XX/fw_systick.o
LOAD ./src/srcS32K1XX/fw_template.o
START GROUP
LOAD c:/nxp/s32ds.3.5/s32ds/build_tools/gcc_v10.2/gcc-10.2-arm32-eabi/bin/../lib/gcc/arm-none-eabi/10.2.0/thumb/v6-m/nofp\libgcc.a
LOAD c:/nxp/s32ds.3.5/s32ds/build_tools/gcc_v10.2/gcc-10.2-arm32-eabi/bin/../lib/gcc/arm-none-eabi/10.2.0/../../../../arm-none-eabi/lib/thumb/v6-m/nofp\libc.a
END GROUP
START GROUP
LOAD c:/nxp/s32ds.3.5/s32ds/build_tools/gcc_v10.2/gcc-10.2-arm32-eabi/bin/../lib/gcc/arm-none-eabi/10.2.0/thumb/v6-m/nofp\libgcc.a
LOAD c:/nxp/s32ds.3.5/s32ds/build_tools/gcc_v10.2/gcc-10.2-arm32-eabi/bin/../lib/gcc/arm-none-eabi/10.2.0/../../../../arm-none-eabi/lib/thumb/v6-m/nofp\libc.a
LOAD c:/nxp/s32ds.3.5/s32ds/build_tools/gcc_v10.2/gcc-10.2-arm32-eabi/bin/../lib/gcc/arm-none-eabi/10.2.0/../../../../arm-none-eabi/lib/thumb/v6-m/nofp\libnosys.a
END GROUP
LOAD c:/nxp/s32ds.3.5/s32ds/build_tools/gcc_v10.2/gcc-10.2-arm32-eabi/bin/../lib/gcc/arm-none-eabi/10.2.0/thumb/v6-m/nofp/crtend.o
LOAD c:/nxp/s32ds.3.5/s32ds/build_tools/gcc_v10.2/gcc-10.2-arm32-eabi/bin/../lib/gcc/arm-none-eabi/10.2.0/thumb/v6-m/nofp/crtn.o
                0x00000200                HEAP_SIZE = DEFINED (__heap_size__)?__heap_size__:0x200
                0x00000200                STACK_SIZE = DEFINED (__stack_size__)?__stack_size__:0x200
                0x000000c0                M_VECTOR_RAM_SIZE = DEFINED (__flash_vector_table__)?0x0:0xc0

.interrupts     0x00000000       0xc0
                0x00000000                __VECTOR_TABLE = .
                0x00000000                __interrupts_start__ = .
                0x00000000                . = ALIGN (0x4)
 *(.isr_vector)
 .isr_vector    0x00000000       0xc0 ./Project_Settings/Startup_Code/startup_S32K116.o
                0x00000000                __isr_vector
                0x000000c0                __interrupts_end__ = .
                0x000000c0                . = ALIGN (0x4)

.flash_config   0x00000400       0x10
                0x00000400                . = ALIGN (0x4)
 *(.FlashConfig)
 .FlashConfig   0x00000400       0x10 ./Project_Settings/Startup_Code/startup_S32K116.o
                0x00000410                . = ALIGN (0x4)

.text           0x00000410      0x5f8
                0x00000410                . = ALIGN (0x4)
 *(.text)
 .text          0x00000410       0x98 c:/nxp/s32ds.3.5/s32ds/build_tools/gcc_v10.2/gcc-10.2-arm32-eabi/bin/../lib/gcc/arm-none-eabi/10.2.0/thumb/v6-m/nofp/crtbegin.o
 .text          0x000004a8       0x80 c:/nxp/s32ds.3.5/s32ds/build_tools/gcc_v10.2/gcc-10.2-arm32-eabi/bin/../lib/gcc/arm-none-eabi/10.2.0/../../../../arm-none-eabi/lib/thumb/v6-m/nofp/crt0.o
                0x000004a8                _stack_init
                0x000004b4                _start
                0x000004b4                _mainCRTStartup
 .text          0x00000528       0x60 ./Project_Settings/Startup_Code/startup_S32K116.o
                0x00000528                Reset_Handler
                0x00000584                SysTick_Handler
                0x00000584                ERM_fault_IRQHandler
                0x00000584                PendSV_Handler
                0x00000584                NMI_Handler
                0x00000584                DMA2_IRQHandler
                0x00000584                LPIT0_IRQHandler
                0x00000584                ADC0_IRQHandler
                0x00000584                FTM0_Ovf_Reload_IRQHandler
                0x00000584                FTM1_Ch0_7_IRQHandler
                0x00000584                DefaultISR
                0x00000584                SCG_CMU_LVD_LVWSCG_IRQHandler
                0x00000584                FTM0_Ch0_7_IRQHandler
                0x00000584                RTC_IRQHandler
                0x00000584                PDB0_IRQHandler
                0x00000584                HardFault_Handler
                0x00000584                CAN0_ORed_Err_Wakeup_IRQHandler
                0x00000584                Reserved27_IRQHandler
                0x00000584                LPUART1_RxTx_IRQHandler
                0x00000584                RTC_Seconds_IRQHandler
                0x00000584                CAN0_ORed_0_31_MB_IRQHandler
                0x00000584                FTFC_IRQHandler
                0x00000584                LPSPI0_IRQHandler
                0x00000584                FTM0_Fault_IRQHandler
                0x00000584                RCM_IRQHandler
                0x00000584                DMA3_IRQHandler
                0x00000584                DMA0_IRQHandler
                0x00000584                FTM1_Fault_IRQHandler
                0x00000584                DMA_Error_IRQHandler
                0x00000584                LPI2C0_Master_Slave_IRQHandler
                0x00000584                LPUART0_RxTx_IRQHandler
                0x00000584                WDOG_IRQHandler
                0x00000584                LPTMR0_IRQHandler
                0x00000584                FTM1_Ovf_Reload_IRQHandler
                0x00000584                CMP0_IRQHandler
                0x00000584                PORT_IRQHandler
                0x00000584                FLEXIO_IRQHandler
                0x00000584                DMA1_IRQHandler
 *(.text*)
 .text.init_data_bss
                0x00000588      0x128 ./Project_Settings/Startup_Code/startup.o
                0x00000588                init_data_bss
 .text.SystemInit
                0x000006b0       0x30 ./Project_Settings/Startup_Code/system_S32K116.o
                0x000006b0                SystemInit
 .text.main     0x000006e0       0x34 ./src/main.o
                0x000006e0                main
 .text.SVC_Handler
                0x00000714       0x20 ./src/main.o
                0x00000714                SVC_Handler
 .text.memset   0x00000734       0xfc ./src/srcMbedSW/str/string.o
                0x00000734                memset
 .text.exit     0x00000830       0x20 c:/nxp/s32ds.3.5/s32ds/build_tools/gcc_v10.2/gcc-10.2-arm32-eabi/bin/../lib/gcc/arm-none-eabi/10.2.0/../../../../arm-none-eabi/lib/thumb/v6-m/nofp\libc.a(lib_a-exit.o)
                0x00000830                exit
 .text.__libc_init_array
                0x00000850       0x48 c:/nxp/s32ds.3.5/s32ds/build_tools/gcc_v10.2/gcc-10.2-arm32-eabi/bin/../lib/gcc/arm-none-eabi/10.2.0/../../../../arm-none-eabi/lib/thumb/v6-m/nofp\libc.a(lib_a-init.o)
                0x00000850                __libc_init_array
 .text.startup.register_fini
                0x00000898       0x18 c:/nxp/s32ds.3.5/s32ds/build_tools/gcc_v10.2/gcc-10.2-arm32-eabi/bin/../lib/gcc/arm-none-eabi/10.2.0/../../../../arm-none-eabi/lib/thumb/v6-m/nofp\libc.a(lib_a-__call_atexit.o)
 .text.__call_exitprocs
                0x000008b0       0x98 c:/nxp/s32ds.3.5/s32ds/build_tools/gcc_v10.2/gcc-10.2-arm32-eabi/bin/../lib/gcc/arm-none-eabi/10.2.0/../../../../arm-none-eabi/lib/thumb/v6-m/nofp\libc.a(lib_a-__call_atexit.o)
                0x000008b0                __call_exitprocs
 .text.__libc_fini_array
                0x00000948       0x28 c:/nxp/s32ds.3.5/s32ds/build_tools/gcc_v10.2/gcc-10.2-arm32-eabi/bin/../lib/gcc/arm-none-eabi/10.2.0/../../../../arm-none-eabi/lib/thumb/v6-m/nofp\libc.a(lib_a-fini.o)
                0x00000948                __libc_fini_array
 .text.atexit   0x00000970       0x10 c:/nxp/s32ds.3.5/s32ds/build_tools/gcc_v10.2/gcc-10.2-arm32-eabi/bin/../lib/gcc/arm-none-eabi/10.2.0/../../../../arm-none-eabi/lib/thumb/v6-m/nofp\libc.a(lib_a-atexit.o)
                0x00000970                atexit
 .text.__register_exitproc
                0x00000980       0x68 c:/nxp/s32ds.3.5/s32ds/build_tools/gcc_v10.2/gcc-10.2-arm32-eabi/bin/../lib/gcc/arm-none-eabi/10.2.0/../../../../arm-none-eabi/lib/thumb/v6-m/nofp\libc.a(lib_a-__atexit.o)
                0x00000980                __register_exitproc
 .text._exit    0x000009e8        0x2 c:/nxp/s32ds.3.5/s32ds/build_tools/gcc_v10.2/gcc-10.2-arm32-eabi/bin/../lib/gcc/arm-none-eabi/10.2.0/../../../../arm-none-eabi/lib/thumb/v6-m/nofp\libnosys.a(_exit.o)
                0x000009e8                _exit
 *(.rodata)
 *(.rodata*)
 *fill*         0x000009ea        0x2 
 .rodata._global_impure_ptr
                0x000009ec        0x4 c:/nxp/s32ds.3.5/s32ds/build_tools/gcc_v10.2/gcc-10.2-arm32-eabi/bin/../lib/gcc/arm-none-eabi/10.2.0/../../../../arm-none-eabi/lib/thumb/v6-m/nofp\libc.a(lib_a-impure.o)
                0x000009ec                _global_impure_ptr
 *(.glue_7)
 .glue_7        0x000009f0        0x0 linker stubs
 *(.glue_7t)
 .glue_7t       0x000009f0        0x0 linker stubs
 *(.eh_frame)
 .eh_frame      0x000009f0        0x0 c:/nxp/s32ds.3.5/s32ds/build_tools/gcc_v10.2/gcc-10.2-arm32-eabi/bin/../lib/gcc/arm-none-eabi/10.2.0/thumb/v6-m/nofp/crtbegin.o
 *(.init)
 .init          0x000009f0        0x4 c:/nxp/s32ds.3.5/s32ds/build_tools/gcc_v10.2/gcc-10.2-arm32-eabi/bin/../lib/gcc/arm-none-eabi/10.2.0/thumb/v6-m/nofp/crti.o
                0x000009f0                _init
 .init          0x000009f4        0x8 c:/nxp/s32ds.3.5/s32ds/build_tools/gcc_v10.2/gcc-10.2-arm32-eabi/bin/../lib/gcc/arm-none-eabi/10.2.0/thumb/v6-m/nofp/crtn.o
 *(.fini)
 .fini          0x000009fc        0x4 c:/nxp/s32ds.3.5/s32ds/build_tools/gcc_v10.2/gcc-10.2-arm32-eabi/bin/../lib/gcc/arm-none-eabi/10.2.0/thumb/v6-m/nofp/crti.o
                0x000009fc                _fini
 .fini          0x00000a00        0x8 c:/nxp/s32ds.3.5/s32ds/build_tools/gcc_v10.2/gcc-10.2-arm32-eabi/bin/../lib/gcc/arm-none-eabi/10.2.0/thumb/v6-m/nofp/crtn.o
                0x00000a08                . = ALIGN (0x4)

.vfp11_veneer   0x00000a08        0x0
 .vfp11_veneer  0x00000a08        0x0 linker stubs

.v4_bx          0x00000a08        0x0
 .v4_bx         0x00000a08        0x0 linker stubs

.iplt           0x00000a08        0x0
 .iplt          0x00000a08        0x0 c:/nxp/s32ds.3.5/s32ds/build_tools/gcc_v10.2/gcc-10.2-arm32-eabi/bin/../lib/gcc/arm-none-eabi/10.2.0/thumb/v6-m/nofp/crtbegin.o

.ARM.extab
 *(.ARM.extab* .gnu.linkonce.armextab.*)

.ARM            0x00000a08        0x8
                0x00000a08                __exidx_start = .
 *(.ARM.exidx*)
 .ARM.exidx     0x00000a08        0x8 c:/nxp/s32ds.3.5/s32ds/build_tools/gcc_v10.2/gcc-10.2-arm32-eabi/bin/../lib/gcc/arm-none-eabi/10.2.0/../../../../arm-none-eabi/lib/thumb/v6-m/nofp/crt0.o
                                 0x10 (size before relaxing)
                0x00000a10                __exidx_end = .

.rel.dyn        0x00000a10        0x0
 .rel.iplt      0x00000a10        0x0 c:/nxp/s32ds.3.5/s32ds/build_tools/gcc_v10.2/gcc-10.2-arm32-eabi/bin/../lib/gcc/arm-none-eabi/10.2.0/thumb/v6-m/nofp/crtbegin.o

.ctors          0x00000a10        0x0
                0x00000a10                __CTOR_LIST__ = .
 *crtbegin.o(.ctors)
 *crtbegin?.o(.ctors)
 *(EXCLUDE_FILE(*crtend.o *crtend?.o) .ctors)
 *(SORT_BY_NAME(.ctors.*))
 *(.ctors)
                0x00000a10                __CTOR_END__ = .

.dtors          0x00000a10        0x0
                0x00000a10                __DTOR_LIST__ = .
 *crtbegin.o(.dtors)
 *crtbegin?.o(.dtors)
 *(EXCLUDE_FILE(*crtend.o *crtend?.o) .dtors)
 *(SORT_BY_NAME(.dtors.*))
 *(.dtors)
                0x00000a10                __DTOR_END__ = .

.preinit_array  0x00000a10        0x0
                0x00000a10                PROVIDE (__preinit_array_start = .)
 *(.preinit_array*)
                0x00000a10                PROVIDE (__preinit_array_end = .)

.init_array     0x00000a10        0x8
                0x00000a10                PROVIDE (__init_array_start = .)
 *(SORT_BY_NAME(.init_array.*))
 .init_array.00000
                0x00000a10        0x4 c:/nxp/s32ds.3.5/s32ds/build_tools/gcc_v10.2/gcc-10.2-arm32-eabi/bin/../lib/gcc/arm-none-eabi/10.2.0/../../../../arm-none-eabi/lib/thumb/v6-m/nofp\libc.a(lib_a-__call_atexit.o)
 *(.init_array*)
 .init_array    0x00000a14        0x4 c:/nxp/s32ds.3.5/s32ds/build_tools/gcc_v10.2/gcc-10.2-arm32-eabi/bin/../lib/gcc/arm-none-eabi/10.2.0/thumb/v6-m/nofp/crtbegin.o
                0x00000a18                PROVIDE (__init_array_end = .)

.fini_array     0x00000a18        0x4
                0x00000a18                PROVIDE (__fini_array_start = .)
 *(SORT_BY_NAME(.fini_array.*))
 *(.fini_array*)
 .fini_array    0x00000a18        0x4 c:/nxp/s32ds.3.5/s32ds/build_tools/gcc_v10.2/gcc-10.2-arm32-eabi/bin/../lib/gcc/arm-none-eabi/10.2.0/thumb/v6-m/nofp/crtbegin.o
                0x00000a1c                PROVIDE (__fini_array_end = .)
                0x00000a1c                __etext = .
                0x00000a1c                __DATA_ROM = .

.interrupts_ram
                0x20000000       0xc0
                0x20000000                . = ALIGN (0x4)
                0x20000000                __VECTOR_RAM__ = .
                0x20000000                __RAM_START = .
                0x20000000                __interrupts_ram_start__ = .
 *(.m_interrupts_ram)
                0x200000c0                . = (. + M_VECTOR_RAM_SIZE)
 *fill*         0x20000000       0xc0 
                0x200000c0                . = ALIGN (0x4)
                0x200000c0                __interrupts_ram_end__ = .
                0x20000000                __VECTOR_RAM = DEFINED (__flash_vector_table__)?ORIGIN (m_interrupts):__VECTOR_RAM__
                0x000000c0                __RAM_VECTOR_TABLE_SIZE = DEFINED (__flash_vector_table__)?0x0:(__interrupts_ram_end__ - __interrupts_ram_start__)

.data           0x200000c0      0x420 load address 0x00000a1c
                0x200000c0                . = ALIGN (0x4)
                0x200000c0                __DATA_RAM = .
                0x200000c0                __data_start__ = .
 *(.data)
 *(.data*)
 .data.limit_value
                0x200000c0        0x4 ./src/main.o
                0x200000c0                limit_value
 *fill*         0x200000c4        0x4 
 .data.impure_data
                0x200000c8      0x418 c:/nxp/s32ds.3.5/s32ds/build_tools/gcc_v10.2/gcc-10.2-arm32-eabi/bin/../lib/gcc/arm-none-eabi/10.2.0/../../../../arm-none-eabi/lib/thumb/v6-m/nofp\libc.a(lib_a-impure.o)
 *(.jcr*)
                0x200004e0                . = ALIGN (0x4)
                0x200004e0                __data_end__ = .
                0x00000e3c                __DATA_END = (__DATA_ROM + (__data_end__ - __data_start__))
                0x00000e3c                __CODE_ROM = __DATA_END

.tm_clone_table
                0x200004e0        0x0 load address 0x00000e3c
 .tm_clone_table
                0x200004e0        0x0 c:/nxp/s32ds.3.5/s32ds/build_tools/gcc_v10.2/gcc-10.2-arm32-eabi/bin/../lib/gcc/arm-none-eabi/10.2.0/thumb/v6-m/nofp/crtbegin.o
 .tm_clone_table
                0x200004e0        0x0 c:/nxp/s32ds.3.5/s32ds/build_tools/gcc_v10.2/gcc-10.2-arm32-eabi/bin/../lib/gcc/arm-none-eabi/10.2.0/thumb/v6-m/nofp/crtend.o

.igot.plt       0x200004e0        0x0 load address 0x00000e3c
 .igot.plt      0x200004e0        0x0 c:/nxp/s32ds.3.5/s32ds/build_tools/gcc_v10.2/gcc-10.2-arm32-eabi/bin/../lib/gcc/arm-none-eabi/10.2.0/thumb/v6-m/nofp/crtbegin.o

.code           0x200004e0        0x0 load address 0x00000e3c
                0x200004e0                . = ALIGN (0x4)
                0x200004e0                __CODE_RAM = .
                0x200004e0                __code_start__ = .
                0x200004e0                __code_ram_start__ = .
 *(.code_ram)
                0x200004e0                . = ALIGN (0x4)
                0x200004e0                __code_end__ = .
                0x200004e0                __code_ram_end__ = .
                0x00000e3c                __CODE_END = (__CODE_ROM + (__code_end__ - __code_start__))
                0x00000e3c                __CUSTOM_ROM = __CODE_END

.customSectionBlock
                0x1ffffc00        0x0 load address 0x00000e3c
                0x1ffffc00                __customSectionStart = .
                0x1ffffc00                __customSection_start__ = .
 *(.customSection)
                0x1ffffc00                __customSection_end__ = .
                0x00000e3c                __CUSTOM_END = (__CUSTOM_ROM + (__customSection_end__ - __customSection_start__))
                0x00000e3c                __rom_end = __CUSTOM_END

.bss            0x200020c0       0x24
                0x200020c0                . = ALIGN (0x4)
                0x200020c0                __BSS_START = .
                0x200020c0                __bss_start__ = .
 *(.bss)
 .bss           0x200020c0       0x1c c:/nxp/s32ds.3.5/s32ds/build_tools/gcc_v10.2/gcc-10.2-arm32-eabi/bin/../lib/gcc/arm-none-eabi/10.2.0/thumb/v6-m/nofp/crtbegin.o
 *(.bss*)
 .bss.counter   0x200020dc        0x4 ./src/main.o
                0x200020dc                counter
 .bss.accumulator
                0x200020e0        0x4 ./src/main.o
                0x200020e0                accumulator
 *(COMMON)
                0x200020e4                . = ALIGN (0x4)
                0x200020e4                __bss_end__ = .
                0x200020e4                __BSS_END = .

.heap           0x200020e4      0x204
                0x200020e8                . = ALIGN (0x8)
 *fill*         0x200020e4        0x4 
                0x200020e8                __end__ = .
                0x200020e8                __heap_start__ = .
                [!provide]                PROVIDE (end = .)
                [!provide]                PROVIDE (_end = .)
                [!provide]                PROVIDE (__end = .)
                0x200020e8                __HeapBase = .
                0x200022e8                . = (. + HEAP_SIZE)
 *fill*         0x200020e8      0x200 
                0x200022e8                __HeapLimit = .
                0x200022e8                __heap_limit = .
                0x200022e8                __heap_end__ = .
                0x20003800                __StackTop = (ORIGIN (m_data_2) + LENGTH (m_data_2))
                0x20003600                __StackLimit = (__StackTop - STACK_SIZE)
                0x20003800                PROVIDE (__stack = __StackTop)
                0x20003800                __RAM_END = __StackTop

.stack          0x20003600      0x200
                0x20003600                . = ALIGN (0x8)
                0x20003600                __stack_start__ = .
                0x20003800                . = (. + STACK_SIZE)
 *fill*         0x20003600      0x200 
                0x20003800                __stack_end__ = .
                0x200020c0                __START_BSS = __BSS_START
                0x200020e4                __END_BSS = __BSS_END
                0x20003800                __SP_INIT = __StackTop

.ARM.attributes
                0x00000000       0x28
 *(.ARM.attributes)
 .ARM.attributes
                0x00000000       0x1e c:/nxp/s32ds.3.5/s32ds/build_tools/gcc_v10.2/gcc-10.2-arm32-eabi/bin/../lib/gcc/arm-none-eabi/10.2.0/thumb/v6-m/nofp/crti.o
 .ARM.attributes
                0x0000001e       0x2c c:/nxp/s32ds.3.5/s32ds/build_tools/gcc_v10.2/gcc-10.2-arm32-eabi/bin/../lib/gcc/arm-none-eabi/10.2.0/thumb/v6-m/nofp/crtbegin.o
 .ARM.attributes
                0x0000004a       0x1b c:/nxp/s32ds.3.5/s32ds/build_tools/gcc_v10.2/gcc-10.2-arm32-eabi/bin/../lib/gcc/arm-none-eabi/10.2.0/../../../../arm-none-eabi/lib/thumb/v6-m/nofp/crt0.o
 .ARM.attributes
                0x00000065       0x2c ./Project_Settings/Startup_Code/startup.o
 .ARM.attributes
                0x00000091       0x1b ./Project_Settings/Startup_Code/startup_S32K116.o
 .ARM.attributes
                0x000000ac       0x2c ./Project_Settings/Startup_Code/system_S32K116.o
 .ARM.attributes
                0x000000d8       0x2c ./src/main.o
 .ARM.attributes
                0x00000104       0x2c ./src/srcMbedSW/str/string.o
 .ARM.attributes
                0x00000130       0x2c c:/nxp/s32ds.3.5/s32ds/build_tools/gcc_v10.2/gcc-10.2-arm32-eabi/bin/../lib/gcc/arm-none-eabi/10.2.0/../../../../arm-none-eabi/lib/thumb/v6-m/nofp\libc.a(lib_a-exit.o)
 .ARM.attributes
                0x0000015c       0x2c c:/nxp/s32ds.3.5/s32ds/build_tools/gcc_v10.2/gcc-10.2-arm32-eabi/bin/../lib/gcc/arm-none-eabi/10.2.0/../../../../arm-none-eabi/lib/thumb/v6-m/nofp\libc.a(lib_a-impure.o)
 .ARM.attributes
                0x00000188       0x2c c:/nxp/s32ds.3.5/s32ds/build_tools/gcc_v10.2/gcc-10.2-arm32-eabi/bin/../lib/gcc/arm-none-eabi/10.2.0/../../../../arm-none-eabi/lib/thumb/v6-m/nofp\libc.a(lib_a-init.o)
 .ARM.attributes
                0x000001b4       0x2c c:/nxp/s32ds.3.5/s32ds/build_tools/gcc_v10.2/gcc-10.2-arm32-eabi/bin/../lib/gcc/arm-none-eabi/10.2.0/../../../../arm-none-eabi/lib/thumb/v6-m/nofp\libc.a(lib_a-__call_atexit.o)
 .ARM.attributes
                0x000001e0       0x2c c:/nxp/s32ds.3.5/s32ds/build_tools/gcc_v10.2/gcc-10.2-arm32-eabi/bin/../lib/gcc/arm-none-eabi/10.2.0/../../../../arm-none-eabi/lib/thumb/v6-m/nofp\libc.a(lib_a-fini.o)
 .ARM.attributes
                0x0000020c       0x2c c:/nxp/s32ds.3.5/s32ds/build_tools/gcc_v10.2/gcc-10.2-arm32-eabi/bin/../lib/gcc/arm-none-eabi/10.2.0/../../../../arm-none-eabi/lib/thumb/v6-m/nofp\libc.a(lib_a-atexit.o)
 .ARM.attributes
                0x00000238       0x2c c:/nxp/s32ds.3.5/s32ds/build_tools/gcc_v10.2/gcc-10.2-arm32-eabi/bin/../lib/gcc/arm-none-eabi/10.2.0/../../../../arm-none-eabi/lib/thumb/v6-m/nofp\libc.a(lib_a-__atexit.o)
 .ARM.attributes
                0x00000264       0x2c c:/nxp/s32ds.3.5/s32ds/build_tools/gcc_v10.2/gcc-10.2-arm32-eabi/bin/../lib/gcc/arm-none-eabi/10.2.0/../../../../arm-none-eabi/lib/thumb/v6-m/nofp\libnosys.a(_exit.o)
 .ARM.attributes
                0x00000290       0x2c c:/nxp/s32ds.3.5/s32ds/build_tools/gcc_v10.2/gcc-10.2-arm32-eabi/bin/../lib/gcc/arm-none-eabi/10.2.0/thumb/v6-m/nofp/crtend.o
 .ARM.attributes
                0x000002bc       0x1e c:/nxp/s32ds.3.5/s32ds/build_tools/gcc_v10.2/gcc-10.2-arm32-eabi/bin/../lib/gcc/arm-none-eabi/10.2.0/thumb/v6-m/nofp/crtn.o
                0x00000001                ASSERT ((__StackLimit >= __HeapLimit), region m_data_2 overflowed with stack and heap)
OUTPUT(modbusTest.elf elf32-littlearm)
LOAD linker stubs

.comment        0x00000000       0x88
 .comment       0x00000000       0x88 c:/nxp/s32ds.3.5/s32ds/build_tools/gcc_v10.2/gcc-10.2-arm32-eabi/bin/../lib/gcc/arm-none-eabi/10.2.0/thumb/v6-m/nofp/crtbegin.o
                                 0x89 (size before relaxing)
 .comment       0x00000088       0x89 ./Project_Settings/Startup_Code/startup.o
 .comment       0x00000088       0x89 ./Project_Settings/Startup_Code/system_S32K116.o
 .comment       0x00000088       0x89 ./src/main.o
 .comment       0x00000088       0x89 ./src/srcMbedSW/str/string.o
 .comment       0x00000088       0x89 c:/nxp/s32ds.3.5/s32ds/build_tools/gcc_v10.2/gcc-10.2-arm32-eabi/bin/../lib/gcc/arm-none-eabi/10.2.0/../../../../arm-none-eabi/lib/thumb/v6-m/nofp\libc.a(lib_a-exit.o)
 .comment       0x00000088       0x89 c:/nxp/s32ds.3.5/s32ds/build_tools/gcc_v10.2/gcc-10.2-arm32-eabi/bin/../lib/gcc/arm-none-eabi/10.2.0/../../../../arm-none-eabi/lib/thumb/v6-m/nofp\libc.a(lib_a-impure.o)
 .comment       0x00000088       0x89 c:/nxp/s32ds.3.5/s32ds/build_tools/gcc_v10.2/gcc-10.2-arm32-eabi/bin/../lib/gcc/arm-none-eabi/10.2.0/../../../../arm-none-eabi/lib/thumb/v6-m/nofp\libc.a(lib_a-init.o)
 .comment       0x00000088       0x89 c:/nxp/s32ds.3.5/s32ds/build_tools/gcc_v10.2/gcc-10.2-arm32-eabi/bin/../lib/gcc/arm-none-eabi/10.2.0/../../../../arm-none-eabi/lib/thumb/v6-m/nofp\libc.a(lib_a-__call_atexit.o)
 .comment       0x00000088       0x89 c:/nxp/s32ds.3.5/s32ds/build_tools/gcc_v10.2/gcc-10.2-arm32-eabi/bin/../lib/gcc/arm-none-eabi/10.2.0/../../../../arm-none-eabi/lib/thumb/v6-m/nofp\libc.a(lib_a-fini.o)
 .comment       0x00000088       0x89 c:/nxp/s32ds.3.5/s32ds/build_tools/gcc_v10.2/gcc-10.2-arm32-eabi/bin/../lib/gcc/arm-none-eabi/10.2.0/../../../../arm-none-eabi/lib/thumb/v6-m/nofp\libc.a(lib_a-atexit.o)
 .comment       0x00000088       0x89 c:/nxp/s32ds.3.5/s32ds/build_tools/gcc_v10.2/gcc-10.2-arm32-eabi/bin/../lib/gcc/arm-none-eabi/10.2.0/../../../../arm-none-eabi/lib/thumb/v6-m/nofp\libc.a(lib_a-__atexit.o)
 .comment       0x00000088       0x89 c:/nxp/s32ds.3.5/s32ds/build_tools/gcc_v10.2/gcc-10.2-arm32-eabi/bin/../lib/gcc/arm-none-eabi/10.2.0/../../../../arm-none-eabi/lib/thumb/v6-m/nofp\libnosys.a(_exit.o)
 .comment       0x00000088       0x89 c:/nxp/s32ds.3.5/s32ds/build_tools/gcc_v10.2/gcc-10.2-arm32-eabi/bin/../lib/gcc/arm-none-eabi/10.2.0/thumb/v6-m/nofp/crtend.o

.debug_line     0x00000000     0x2256
 .debug_line    0x00000000       0x98 c:/nxp/s32ds.3.5/s32ds/build_tools/gcc_v10.2/gcc-10.2-arm32-eabi/bin/../lib/gcc/arm-none-eabi/10.2.0/../../../../arm-none-eabi/lib/thumb/v6-m/nofp/crt0.o
 .debug_line    0x00000098      0x3a7 ./Project_Settings/Startup_Code/startup.o
 .debug_line    0x0000043f       0x94 ./Project_Settings/Startup_Code/startup_S32K116.o
 .debug_line    0x000004d3      0x3c3 ./Project_Settings/Startup_Code/system_S32K116.o
 .debug_line    0x00000896      0xe7e ./src/main.o
 .debug_line    0x00001714      0xb42 ./src/srcMbedSW/str/string.o

.debug_info     0x00000000     0x14ac
 .debug_info    0x00000000       0x26 c:/nxp/s32ds.3.5/s32ds/build_tools/gcc_v10.2/gcc-10.2-arm32-eabi/bin/../lib/gcc/arm-none-eabi/10.2.0/../../../../arm-none-eabi/lib/thumb/v6-m/nofp/crt0.o
 .debug_info    0x00000026      0x443 ./Project_Settings/Startup_Code/startup.o
 .debug_info    0x00000469       0x26 ./Project_Settings/Startup_Code/startup_S32K116.o
 .debug_info    0x0000048f      0x4e0 ./Project_Settings/Startup_Code/system_S32K116.o
 .debug_info    0x0000096f       0xea ./src/main.o
 .debug_info    0x00000a59      0xa53 ./src/srcMbedSW/str/string.o

.debug_abbrev   0x00000000      0x4a0
 .debug_abbrev  0x00000000       0x14 c:/nxp/s32ds.3.5/s32ds/build_tools/gcc_v10.2/gcc-10.2-arm32-eabi/bin/../lib/gcc/arm-none-eabi/10.2.0/../../../../arm-none-eabi/lib/thumb/v6-m/nofp/crt0.o
 .debug_abbrev  0x00000014      0x11c ./Project_Settings/Startup_Code/startup.o
 .debug_abbrev  0x00000130       0x14 ./Project_Settings/Startup_Code/startup_S32K116.o
 .debug_abbrev  0x00000144      0x15b ./Project_Settings/Startup_Code/system_S32K116.o
 .debug_abbrev  0x0000029f       0x74 ./src/main.o
 .debug_abbrev  0x00000313      0x18d ./src/srcMbedSW/str/string.o

.debug_str      0x00000000    0x65f96
 .debug_str     0x00000000       0xb8 c:/nxp/s32ds.3.5/s32ds/build_tools/gcc_v10.2/gcc-10.2-arm32-eabi/bin/../lib/gcc/arm-none-eabi/10.2.0/../../../../arm-none-eabi/lib/thumb/v6-m/nofp/crt0.o
 .debug_str     0x000000b8    0x59725 ./Project_Settings/Startup_Code/startup.o
                              0x598b5 (size before relaxing)
 .debug_str     0x000597dd       0x33 ./Project_Settings/Startup_Code/startup_S32K116.o
                                 0x9f (size before relaxing)
 .debug_str     0x00059810      0x1b0 ./Project_Settings/Startup_Code/system_S32K116.o
                              0x596e3 (size before relaxing)
 .debug_str     0x000599c0     0xc401 ./src/main.o
                              0x658a7 (size before relaxing)
 .debug_str     0x00065dc1      0x1d5 ./src/srcMbedSW/str/string.o
                               0x411b (size before relaxing)

.debug_aranges  0x00000000      0x1b0
 .debug_aranges
                0x00000000       0x20 ./Project_Settings/Startup_Code/startup.o
 .debug_aranges
                0x00000020       0x20 ./Project_Settings/Startup_Code/startup_S32K116.o
 .debug_aranges
                0x00000040       0x30 ./Project_Settings/Startup_Code/system_S32K116.o
 .debug_aranges
                0x00000070       0x28 ./src/main.o
 .debug_aranges
                0x00000098      0x118 ./src/srcMbedSW/str/string.o

.debug_ranges   0x00000000      0x150
 .debug_ranges  0x00000000       0x10 ./Project_Settings/Startup_Code/startup.o
 .debug_ranges  0x00000010       0x20 ./Project_Settings/Startup_Code/system_S32K116.o
 .debug_ranges  0x00000030       0x18 ./src/main.o
 .debug_ranges  0x00000048      0x108 ./src/srcMbedSW/str/string.o

.debug_macro    0x00000000    0x19cf7
 .debug_macro   0x00000000       0xaf ./Project_Settings/Startup_Code/startup.o
 .debug_macro   0x000000af      0xa48 ./Project_Settings/Startup_Code/startup.o
 .debug_macro   0x00000af7       0x22 ./Project_Settings/Startup_Code/startup.o
 .debug_macro   0x00000b19       0x8e ./Project_Settings/Startup_Code/startup.o
 .debug_macro   0x00000ba7       0x51 ./Project_Settings/Startup_Code/startup.o
 .debug_macro   0x00000bf8      0x103 ./Project_Settings/Startup_Code/startup.o
 .debug_macro   0x00000cfb       0x6a ./Project_Settings/Startup_Code/startup.o
 .debug_macro   0x00000d65      0x1df ./Project_Settings/Startup_Code/startup.o
 .debug_macro   0x00000f44       0x10 ./Project_Settings/Startup_Code/startup.o
 .debug_macro   0x00000f54       0x73 ./Project_Settings/Startup_Code/startup.o
 .debug_macro   0x00000fc7     0xb13d ./Project_Settings/Startup_Code/startup.o
 .debug_macro   0x0000c104     0x153e ./Project_Settings/Startup_Code/startup.o
 .debug_macro   0x0000d642       0x22 ./Project_Settings/Startup_Code/startup.o
 .debug_macro   0x0000d664       0x40 ./Project_Settings/Startup_Code/startup.o
 .debug_macro   0x0000d6a4       0xae ./Project_Settings/Startup_Code/system_S32K116.o
 .debug_macro   0x0000d752       0x16 ./Project_Settings/Startup_Code/system_S32K116.o
 .debug_macro   0x0000d768     0xb12b ./Project_Settings/Startup_Code/system_S32K116.o
 .debug_macro   0x00018893       0x22 ./Project_Settings/Startup_Code/system_S32K116.o
 .debug_macro   0x000188b5      0x303 ./src/main.o
 .debug_macro   0x00018bb8       0x1c ./src/main.o
 .debug_macro   0x00018bd4       0xc4 ./src/main.o
 .debug_macro   0x00018c98       0x10 ./src/main.o
 .debug_macro   0x00018ca8       0x34 ./src/main.o
 .debug_macro   0x00018cdc       0x28 ./src/main.o
 .debug_macro   0x00018d04       0x10 ./src/main.o
 .debug_macro   0x00018d14       0x4c ./src/main.o
 .debug_macro   0x00018d60       0x4c ./src/main.o
 .debug_macro   0x00018dac       0x40 ./src/main.o
 .debug_macro   0x00018dec       0x52 ./src/main.o
 .debug_macro   0x00018e3e       0x70 ./src/main.o
 .debug_macro   0x00018eae      0x201 ./src/main.o
 .debug_macro   0x000190af       0x22 ./src/main.o
 .debug_macro   0x000190d1       0x1c ./src/main.o
 .debug_macro   0x000190ed       0x10 ./src/main.o
 .debug_macro   0x000190fd       0x7c ./src/main.o
 .debug_macro   0x00019179       0x16 ./src/main.o
 .debug_macro   0x0001918f       0xbe ./src/main.o
 .debug_macro   0x0001924d      0x1b6 ./src/main.o
 .debug_macro   0x00019403       0x10 ./src/main.o
 .debug_macro   0x00019413       0xb2 ./src/main.o
 .debug_macro   0x000194c5       0xfd ./src/main.o
 .debug_macro   0x000195c2       0x28 ./src/main.o
 .debug_macro   0x000195ea       0x10 ./src/main.o
 .debug_macro   0x000195fa       0x16 ./src/main.o
 .debug_macro   0x00019610      0x11b ./src/main.o
 .debug_macro   0x0001972b       0x22 ./src/main.o
 .debug_macro   0x0001974d       0xe3 ./src/main.o
 .debug_macro   0x00019830      0x12a ./src/main.o
 .debug_macro   0x0001995a       0x46 ./src/main.o
 .debug_macro   0x000199a0       0x70 ./src/main.o
 .debug_macro   0x00019a10      0x11a ./src/main.o
 .debug_macro   0x00019b2a       0x10 ./src/main.o
 .debug_macro   0x00019b3a      0x129 ./src/main.o
 .debug_macro   0x00019c63       0x10 ./src/main.o
 .debug_macro   0x00019c73       0x84 ./src/srcMbedSW/str/string.o

.debug_frame    0x00000000      0x504
 .debug_frame   0x00000000       0x30 ./Project_Settings/Startup_Code/startup.o
 .debug_frame   0x00000030       0x6c ./Project_Settings/Startup_Code/system_S32K116.o
 .debug_frame   0x0000009c       0x48 ./src/main.o
 .debug_frame   0x000000e4      0x420 ./src/srcMbedSW/str/string.o
